Archive member included because of file (symbol)

libkernel.a(v850es_fk3.o)     start.o (hardware_init_hook)
libkernel.a(prc_support.o)    kernel_cfg_asm.o (interrupt)
libkernel.a(target_config.o)  syslog.o (_target_fput_log)
libkernel.a(target_timer.o)   kernel_cfg.o (_target_timer_initialize)
libkernel.a(target_serial.o)  kernel_cfg.o (_sio_initialize)
libkernel.a(prc_config.o)     libkernel.a(target_config.o) (_prc_initialize)
libkernel.a(startup.o)        start.o (_sta_ker)
libkernel.a(task.o)           libkernel.a(prc_support.o) (__kernel_p_schedtsk)
libkernel.a(time_event.o)     libkernel.a(startup.o) (__kernel_initialize_tmevt)
libkernel.a(task_manage.o)    libkernel.a(prc_support.o) (_ext_tsk)
libkernel.a(task_sync.o)      logtask.o (_dly_tsk)
libkernel.a(semaphore.o)      kernel_cfg.o (__kernel_initialize_semaphore)
libkernel.a(sys_manage.o)     serial.o (_loc_cpu)
libkernel.a(interrupt.o)      kernel_cfg.o (__kernel_initialize_interrupt)
libkernel.a(wait.o)           libkernel.a(task_sync.o) (__kernel_make_wait_tmout)
c:/kpit/gnuv850v14.01-elf/v850-elf/bin/../lib/gcc/v850-elf/4.9-GNUV850_v14.01/../../../../v850-elf/lib/soft-float\libc.a(lib_a-memcpy.o)
                              syslog.o (_memcpy)

Allocating common symbols
Common symbol       size              file

_kernel_p_runtsk    0x4               libkernel.a(task.o)
_kernel_tmevt_heap  0x10              kernel_cfg.o
_kernel_pdqcb_table
                    0x0               kernel_cfg.o
disint_table        0x8               libkernel.a(prc_config.o)
_kernel_dtqcb_table
                    0x0               kernel_cfg.o
_kernel_alminib_table
                    0x0               kernel_cfg.o
_kernel_ipmflg      0x4               libkernel.a(task.o)
_kernel_almcb_table
                    0x0               kernel_cfg.o
_kernel_dtqinib_table
                    0x0               kernel_cfg.o
_kernel_flginib_table
                    0x0               kernel_cfg.o
_kernel_min_time    0x4               libkernel.a(time_event.o)
_kernel_pdqinib_table
                    0x0               kernel_cfg.o
_kernel_cyccb_table
                    0x0               kernel_cfg.o
_kernel_p_schedtsk  0x4               libkernel.a(task.o)
_kernel_current_time
                    0x4               libkernel.a(time_event.o)
_kernel_mpfcb_table
                    0x0               kernel_cfg.o
_kernel_last_index  0x4               libkernel.a(time_event.o)
_kernel_semcb_table
                    0x60              kernel_cfg.o
_kernel_mbxinib_table
                    0x0               kernel_cfg.o
_kernel_mbxcb_table
                    0x0               kernel_cfg.o
_kernel_ready_primap
                    0x2               libkernel.a(task.o)
_kernel_dspflg      0x4               libkernel.a(task.o)
_kernel_ready_queue
                    0x80              libkernel.a(task.o)
_kernel_mpfinib_table
                    0x0               kernel_cfg.o
_kernel_cycinib_table
                    0x0               kernel_cfg.o
_kernel_tcb_table   0x40              kernel_cfg.o
_kernel_flgcb_table
                    0x0               kernel_cfg.o
lock_flag           0x4               libkernel.a(prc_config.o)
_kernel_disdsp      0x4               libkernel.a(task.o)
intnest             0x1               libkernel.a(prc_config.o)
saved_imr           0x8               libkernel.a(prc_config.o)
_kernel_next_time   0x4               libkernel.a(time_event.o)
siopcb_table        0x3c              libkernel.a(target_serial.o)
current_intpri      0x1               libkernel.a(prc_config.o)
_kernel_reqflg      0x4               libkernel.a(task.o)

Memory Configuration

Name             Origin             Length             Attributes
INTROM           0x00000000         0x00080000         axrl
INTRAM           0x03ff7000         0x00008000         axw
*default*        0x00000000         0xffffffff

Linker script and memory map

LOAD c:/kpit/gnuv850v14.01-elf/v850-elf/bin/../lib/gcc/v850-elf/4.9-GNUV850_v14.01/soft-float\libgcc.a
LOAD c:/kpit/gnuv850v14.01-elf/v850-elf/bin/../lib/gcc/v850-elf/4.9-GNUV850_v14.01/../../../../v850-elf/lib/soft-float\libc.a
LOAD start.o
LOAD sample1.o
LOAD log_output.o
LOAD vasyslog.o
LOAD t_perror.o
LOAD strerror.o
LOAD can_driver.o
LOAD banner.o
LOAD syslog.o
LOAD serial.o
LOAD logtask.o
LOAD kernel_cfg.o
LOAD kernel_cfg_asm.o
LOAD libkernel.a
LOAD c:/kpit/gnuv850v14.01-elf/v850-elf/bin/../lib/gcc/v850-elf/4.9-GNUV850_v14.01/soft-float\libgcc.a
START GROUP
LOAD c:/kpit/gnuv850v14.01-elf/v850-elf/bin/../lib/gcc/v850-elf/4.9-GNUV850_v14.01/../../../../v850-elf/lib/soft-float\libc.a
LOAD c:/kpit/gnuv850v14.01-elf/v850-elf/bin/../lib/gcc/v850-elf/4.9-GNUV850_v14.01/soft-float\libgcc.a
END GROUP
LOAD c:/kpit/gnuv850v14.01-elf/v850-elf/bin/../lib/gcc/v850-elf/4.9-GNUV850_v14.01/soft-float\libgcc.a
                0x00000000                PROVIDE (__stack, 0x0)
                0x00000000                PROVIDE (software_init_hook, 0x0)
                0x00000000                PROVIDE (_software_term_hook, 0x0)
                0x00000000                PROVIDE (hardware_init_hook, 0x0)
                0x00000000                PROVIDE (hardware_term_hook, 0x0)

.vector         0x00000000      0x7d0
 *(.vectors)
 .vectors       0x00000000      0x7d0 kernel_cfg_asm.o

.text           0x000007d0     0x5ba6
                0x000007d0                __text = .
 *(.text)
 .text          0x000007d0       0xa0 start.o
                0x000007d0                _start
 .text          0x00000870      0x124 sample1.o
                0x00000870                _main_task
 .text          0x00000994      0x316 log_output.o
                0x00000a58                _syslog_printf
                0x00000c4a                _syslog_print
                0x00000c80                _syslog_lostmsg
 .text          0x00000caa      0x150 vasyslog.o
                0x00000caa                _syslog
 .text          0x00000dfa       0x50 t_perror.o
                0x00000dfa                _t_perror
 .text          0x00000e4a       0x26 strerror.o
                0x00000e4a                _itron_strerror
 .text          0x00000e70        0x0 can_driver.o
 .text          0x00000e70       0x36 banner.o
                0x00000e70                _print_banner
 .text          0x00000ea6      0x28e syslog.o
                0x00000ea6                _syslog_initialize
                0x00000ee4                _syslog_wri_log
                0x00000fea                _syslog_rea_log
                0x00001092                _syslog_msk_log
                0x000010ac                _syslog_ref_log
 .text          0x00001134      0x8ea serial.o
                0x00001204                _serial_initialize
                0x00001236                _serial_opn_por
                0x000012fc                _serial_cls_por
                0x000013d2                _serial_wri_dat
                0x000014c0                _serial_rea_dat
                0x000016dc                _serial_ctl_por
                0x0000172e                _serial_ref_por
                0x0000178c                _sio_irdy_snd
                0x0000182e                _sio_irdy_rcv
                0x000019b0                _serial_get_chr
 .text          0x00001a1e      0x280 logtask.o
                0x00001a40                _logtask_flush
                0x00001adc                _logtask_main
                0x00001bbc                _logtask_terminate
 .text          0x00001c9e       0x6e kernel_cfg.o
                0x00001c9e                __kernel_inthdr_49
                0x00001cac                __kernel_inthdr_50
                0x00001cba                __kernel_initialize_object
                0x00001cd2                __kernel_call_inirtn
                0x00001cf8                __kernel_call_terrtn
 *fill*         0x00001d0c        0x4 
 .text          0x00001d10       0xa0 kernel_cfg_asm.o
                0x00001d10                __kernel_target_timer_handler_40
                0x00001d34                __kernel__kernel_inthdr_49_49
                0x00001d58                __kernel__kernel_inthdr_50_50
 .text          0x00001db0       0x4c libkernel.a(v850es_fk3.o)
                0x00001db0                hardware_init_hook
 .text          0x00001dfc      0x48e libkernel.a(prc_support.o)
                0x00001dfc                _start_dispatch
                0x00001e08                _dispatch
                0x00001e44                _exit_and_dispatch
                0x00001f28                _start_r
                0x00001f64                interrupt
                0x000020de                ret_int
                0x0000214a                ret_int_r
                0x00002168                exception
                0x0000227a                _call_exit_kernel
 .text          0x0000228a       0xa6 libkernel.a(target_config.o)
                0x0000228a                __kernel_target_initialize
                0x000022e8                __kernel_target_exit
                0x00002306                _target_fput_log
 .text          0x00002330       0x74 libkernel.a(target_timer.o)
                0x00002330                _target_timer_initialize
                0x00002360                _target_timer_terminate
                0x00002398                _target_timer_handler
 .text          0x000023a4      0x202 libkernel.a(target_serial.o)
                0x000023a4                _sio_initialize
                0x000023e2                _sio_opn_por
                0x00002482                _sio_snd_chr
                0x000024a2                _sio_rcv_chr
                0x000024c0                _sio_ena_cbr
                0x000024ec                _sio_dis_cbr
                0x00002518                _sio_cls_por
                0x00002562                _sio_tx_isr
                0x00002580                _sio_rx_isr
 .text          0x000025a6      0x264 libkernel.a(prc_config.o)
                0x000025a6                _prc_initialize
                0x000025de                _prc_terminate
                0x000025e0                _set_intpri
                0x00002616                _x_config_int
                0x000027f0                __kernel_initialize_exception
                0x000027f2                _default_exc_handler
                0x000027fe                _default_int_handler
 .text          0x0000280a       0xc8 libkernel.a(startup.o)
                0x0000280a                _sta_ker
                0x0000285e                _ext_ker
                0x00002896                __kernel_exit_kernel
 .text          0x000028d2      0x7d0 libkernel.a(task.o)
                0x000028d2                __kernel_search_schedtsk
                0x00002954                __kernel_make_runnable
                0x000029bc                __kernel_make_non_runnable
                0x00002ad0                __kernel_make_dormant
                0x00002af2                __kernel_make_active
                0x00002b20                __kernel_initialize_task
                0x00002bfc                __kernel_change_priority
                0x00002dfc                __kernel_rotate_ready_queue
                0x00002ea8                __kernel_call_texrtn
                0x0000306c                __kernel_calltex
 .text          0x000030a2      0x460 libkernel.a(time_event.o)
                0x000030a2                __kernel_initialize_tmevt
                0x000030ce                __kernel_tmevt_up
                0x00003154                __kernel_tmevt_down
                0x000031f6                __kernel_tmevtb_insert
                0x00003230                __kernel_tmevtb_delete
                0x000032e2                __kernel_tmevt_lefttim
                0x0000331a                __kernel_signal_time
 .text          0x00003502      0x878 libkernel.a(task_manage.o)
                0x00003502                _act_tsk
                0x00003616                _iact_tsk
                0x00003724                _can_act
                0x00003812                _ext_tsk
                0x000038fe                _ter_tsk
                0x00003a7a                _chg_pri
                0x00003bb2                _get_pri
                0x00003cb2                _get_inf
 .text          0x00003d7a      0xada libkernel.a(task_sync.o)
                0x00003d7a                _slp_tsk
                0x00003e7c                _tslp_tsk
                0x00003f8e                _wup_tsk
                0x000040b0                _iwup_tsk
                0x000041cc                _can_wup
                0x000042ce                _rel_wai
                0x000043c2                _irel_wai
                0x000044bc                _sus_tsk
                0x00004610                _rsm_tsk
                0x00004720                _dly_tsk
 .text          0x00004854      0x8ce libkernel.a(semaphore.o)
                0x00004854                __kernel_initialize_semaphore
                0x0000489c                _sig_sem
                0x00004a0e                _isig_sem
                0x00004b8a                _wai_sem
                0x00004caa                _pol_sem
                0x00004d96                _twai_sem
                0x00004ee4                _ini_sem
                0x00004fd4                _ref_sem
 .text          0x00005122      0x73c libkernel.a(sys_manage.o)
                0x00005122                _rot_rdq
                0x0000520c                _irot_rdq
                0x000052de                _get_tid
                0x000053aa                _iget_tid
                0x0000547c                _loc_cpu
                0x000054e8                _iloc_cpu
                0x00005554                _unl_cpu
                0x000055c6                _iunl_cpu
                0x00005638                _dis_dsp
                0x000056fc                _ena_dsp
                0x000057ea                _sns_ctx
                0x000057fc                _sns_loc
                0x0000580e                _sns_dsp
                0x0000581a                _sns_dpn
                0x0000584c                _sns_ker
 .text          0x0000585e      0x508 libkernel.a(interrupt.o)
                0x0000585e                __kernel_initialize_interrupt
                0x0000589e                _dis_int
                0x000059fa                _ena_int
                0x00005b58                _chg_ipm
                0x00005cac                _get_ipm
 .text          0x00005d66      0x5f6 libkernel.a(wait.o)
                0x00005d66                __kernel_wait_tmout
                0x00005e8c                __kernel_make_wait_tmout
                0x00005f20                __kernel_wait_complete
                0x00005fa2                __kernel_wait_tmout_ok
                0x000060a0                __kernel_wait_release
                0x00006146                __kernel_wobj_make_wait
                0x000061d8                __kernel_wobj_make_wait_tmout
                0x00006266                __kernel_init_wait_queue
 .text          0x0000635c       0x1a c:/kpit/gnuv850v14.01-elf/v850-elf/bin/../lib/gcc/v850-elf/4.9-GNUV850_v14.01/../../../../v850-elf/lib/soft-float\libc.a(lib_a-memcpy.o)
                0x0000635c                _memcpy
                0x00006376                _etext = .

.text.unlikely  0x00006376       0x34
 .text.unlikely
                0x00006376       0x34 libkernel.a(semaphore.o)

.call_table_data
                0x000063ac        0x0
                0x000063ac                PROVIDE (__ctbp, .)
 *(.call_table_data)

.call_table_text
 *(.call_table_text)
                0x000063ac                . = ALIGN (0x4)

.rodata         0x000063ac      0x93b
 *(.rodata)
 .rodata        0x000063ac      0x10e sample1.o
 .rodata        0x000064ba       0x61 log_output.o
 .rodata        0x0000651b       0x2d t_perror.o
 .rodata        0x00006548      0x19c strerror.o
 .rodata        0x000066e4      0x186 banner.o
 *fill*         0x0000686a        0x2 
 .rodata        0x0000686c       0x48 serial.o
 .rodata        0x000068b4       0x44 logtask.o
 .rodata        0x000068f8      0x150 kernel_cfg.o
                0x000068f8                _imr_table
                0x00006938                __kernel_istkpt
                0x0000693c                __kernel_istk
                0x00006940                __kernel_istksz
                0x00006944                __kernel_intinib_table
                0x00006968                __kernel_tnum_intno
                0x0000696c                __kernel_inhinib_table
                0x00006990                __kernel_tnum_inhno
                0x00006994                __kernel_tmax_almid
                0x00006998                __kernel_tmax_cycid
                0x0000699c                __kernel_tmax_mpfid
                0x000069a0                __kernel_tmax_mbxid
                0x000069a4                __kernel_tmax_pdqid
                0x000069a8                __kernel_tmax_dtqid
                0x000069ac                __kernel_tmax_flgid
                0x000069b0                __kernel_seminib_table
                0x000069f8                __kernel_tmax_semid
                0x000069fc                __kernel_torder_table
                0x00006a04                __kernel_tinib_table
                0x00006a44                __kernel_tmax_tskid
 .rodata        0x00006a48        0x6 libkernel.a(target_serial.o)
                0x00006a48                _siopinib_table
 *fill*         0x00006a4e        0x2 
 .rodata        0x00006a50      0x128 libkernel.a(prc_config.o)
                0x00006ab8                _int_pol_table
 .rodata        0x00006b78       0x16 libkernel.a(startup.o)
 .rodata        0x00006b8e       0x5b libkernel.a(task.o)
 .rodata        0x00006be9       0x37 libkernel.a(time_event.o)
 .rodata        0x00006c20       0x49 libkernel.a(semaphore.o)
 .rodata        0x00006c69       0x7e libkernel.a(wait.o)
                0x00006ce7                _textend = .
                0x00006ce8                . = ALIGN (0x4)
                0x00006ce8                __idata_start = .

.data           0x03ff7000        0x0 load address 0x00006ce8
                0x03ff7000                . = ALIGN (0x4)
                0x03ff7000                __data_start = .
 *(.data)
 .data          0x03ff7000        0x0 start.o
 .data          0x03ff7000        0x0 sample1.o
 .data          0x03ff7000        0x0 log_output.o
 .data          0x03ff7000        0x0 vasyslog.o
 .data          0x03ff7000        0x0 t_perror.o
 .data          0x03ff7000        0x0 strerror.o
 .data          0x03ff7000        0x0 can_driver.o
 .data          0x03ff7000        0x0 banner.o
 .data          0x03ff7000        0x0 syslog.o
 .data          0x03ff7000        0x0 serial.o
 .data          0x03ff7000        0x0 logtask.o
 .data          0x03ff7000        0x0 kernel_cfg.o
 .data          0x03ff7000        0x0 kernel_cfg_asm.o
 .data          0x03ff7000        0x0 libkernel.a(v850es_fk3.o)
 .data          0x03ff7000        0x0 libkernel.a(prc_support.o)
 .data          0x03ff7000        0x0 libkernel.a(target_config.o)
 .data          0x03ff7000        0x0 libkernel.a(target_timer.o)
 .data          0x03ff7000        0x0 libkernel.a(target_serial.o)
 .data          0x03ff7000        0x0 libkernel.a(prc_config.o)
 .data          0x03ff7000        0x0 libkernel.a(startup.o)
 .data          0x03ff7000        0x0 libkernel.a(task.o)
 .data          0x03ff7000        0x0 libkernel.a(time_event.o)
 .data          0x03ff7000        0x0 libkernel.a(task_manage.o)
 .data          0x03ff7000        0x0 libkernel.a(task_sync.o)
 .data          0x03ff7000        0x0 libkernel.a(semaphore.o)
 .data          0x03ff7000        0x0 libkernel.a(sys_manage.o)
 .data          0x03ff7000        0x0 libkernel.a(interrupt.o)
 .data          0x03ff7000        0x0 libkernel.a(wait.o)
 .data          0x03ff7000        0x0 c:/kpit/gnuv850v14.01-elf/v850-elf/bin/../lib/gcc/v850-elf/4.9-GNUV850_v14.01/../../../../v850-elf/lib/soft-float\libc.a(lib_a-memcpy.o)
                0x03ff7000                . = ALIGN (0x4)
                0x03ff7000                _edata = .
                0x00006ce8                __idata_end = (__idata_start + SIZEOF (.data))

.bss            0x03ff7000     0x1278 load address 0x00006ce8
                0x03ff7000                . = ALIGN (0x4)
                0x03ff7000                __bss_start = .
 *(.bss)
 .bss           0x03ff7000        0x0 start.o
 .bss           0x03ff7000        0x0 sample1.o
 .bss           0x03ff7000        0x0 log_output.o
 .bss           0x03ff7000        0x0 vasyslog.o
 .bss           0x03ff7000        0x0 t_perror.o
 .bss           0x03ff7000        0x0 strerror.o
 .bss           0x03ff7000        0x0 can_driver.o
 .bss           0x03ff7000        0x0 banner.o
 .bss           0x03ff7000      0x418 syslog.o
 .bss           0x03ff7418      0x6a8 serial.o
 .bss           0x03ff7ac0        0x4 logtask.o
 .bss           0x03ff7ac4      0x600 kernel_cfg.o
 .bss           0x03ff80c4        0x0 kernel_cfg_asm.o
 .bss           0x03ff80c4        0x0 libkernel.a(v850es_fk3.o)
 .bss           0x03ff80c4        0x0 libkernel.a(prc_support.o)
 .bss           0x03ff80c4        0x0 libkernel.a(target_config.o)
 .bss           0x03ff80c4        0x0 libkernel.a(target_timer.o)
 .bss           0x03ff80c4        0x0 libkernel.a(target_serial.o)
 .bss           0x03ff80c4        0x0 libkernel.a(prc_config.o)
 .bss           0x03ff80c4        0x4 libkernel.a(startup.o)
                0x03ff80c4                __kernel_kerflg
 .bss           0x03ff80c8        0x0 libkernel.a(task.o)
 .bss           0x03ff80c8        0x0 libkernel.a(time_event.o)
 .bss           0x03ff80c8        0x0 libkernel.a(task_manage.o)
 .bss           0x03ff80c8        0x0 libkernel.a(task_sync.o)
 .bss           0x03ff80c8        0x0 libkernel.a(semaphore.o)
 .bss           0x03ff80c8        0x0 libkernel.a(sys_manage.o)
 .bss           0x03ff80c8        0x0 libkernel.a(interrupt.o)
 .bss           0x03ff80c8        0x0 libkernel.a(wait.o)
 .bss           0x03ff80c8        0x0 c:/kpit/gnuv850v14.01-elf/v850-elf/bin/../lib/gcc/v850-elf/4.9-GNUV850_v14.01/../../../../v850-elf/lib/soft-float\libc.a(lib_a-memcpy.o)
 *(COMMON)
 COMMON         0x03ff80c8       0xb0 kernel_cfg.o
                0x03ff80c8                __kernel_tmevt_heap
                0x03ff80d8                __kernel_pdqcb_table
                0x03ff80d8                __kernel_dtqcb_table
                0x03ff80d8                __kernel_alminib_table
                0x03ff80d8                __kernel_almcb_table
                0x03ff80d8                __kernel_dtqinib_table
                0x03ff80d8                __kernel_flginib_table
                0x03ff80d8                __kernel_pdqinib_table
                0x03ff80d8                __kernel_cyccb_table
                0x03ff80d8                __kernel_mpfcb_table
                0x03ff80d8                __kernel_semcb_table
                0x03ff8138                __kernel_mbxcb_table
                0x03ff8138                __kernel_mpfinib_table
                0x03ff8138                __kernel_cycinib_table
                0x03ff8138                __kernel_tcb_table
                0x03ff8138                __kernel_mbxinib_table
                0x03ff8178                __kernel_flgcb_table
 COMMON         0x03ff8178       0x3c libkernel.a(target_serial.o)
                0x03ff8178                _siopcb_table
 COMMON         0x03ff81b4       0x17 libkernel.a(prc_config.o)
                0x03ff81b4                _disint_table
                0x03ff81bc                _lock_flag
                0x03ff81c0                _intnest
                0x03ff81c2                _saved_imr
                0x03ff81ca                _current_intpri
 *fill*         0x03ff81cb        0x1 
 COMMON         0x03ff81cc       0x9c libkernel.a(task.o)
                0x03ff81cc                __kernel_p_runtsk
                0x03ff81d0                __kernel_ipmflg
                0x03ff81d4                __kernel_p_schedtsk
                0x03ff81d8                __kernel_ready_primap
                0x03ff81dc                __kernel_dspflg
                0x03ff81e0                __kernel_ready_queue
                0x03ff8260                __kernel_disdsp
                0x03ff8264                __kernel_reqflg
 COMMON         0x03ff8268       0x10 libkernel.a(time_event.o)
                0x03ff8268                __kernel_min_time
                0x03ff826c                __kernel_current_time
                0x03ff8270                __kernel_last_index
                0x03ff8274                __kernel_next_time
                0x03ff8278                . = ALIGN (0x4)
                0x03ff8278                __bss_end = .

.sdata          0x03ff8278        0x0
                0x04000278                PROVIDE (__gp, (. + 0x8000))
 *(.sdata)

.tdata          0x03ff8278        0x0
                0x03ff8278                PROVIDE (__ep, .)
 *(.tbyte)
 *(.tcommon_byte)
 *(.tdata)
 *(.tbss)
 *(.tcommon)

.comment        0x00000000       0x29
 *(.comment)
 .comment       0x00000000       0x29 sample1.o
                                 0x2a (size before relaxing)
 .comment       0x00000000       0x2a log_output.o
 .comment       0x00000000       0x2a vasyslog.o
 .comment       0x00000000       0x2a t_perror.o
 .comment       0x00000000       0x2a strerror.o
 .comment       0x00000000       0x2a can_driver.o
 .comment       0x00000000       0x2a banner.o
 .comment       0x00000000       0x2a syslog.o
 .comment       0x00000000       0x2a serial.o
 .comment       0x00000000       0x2a logtask.o
 .comment       0x00000000       0x2a kernel_cfg.o
 .comment       0x00000000       0x2a libkernel.a(target_config.o)
 .comment       0x00000000       0x2a libkernel.a(target_timer.o)
 .comment       0x00000000       0x2a libkernel.a(target_serial.o)
 .comment       0x00000000       0x2a libkernel.a(prc_config.o)
 .comment       0x00000000       0x2a libkernel.a(startup.o)
 .comment       0x00000000       0x2a libkernel.a(task.o)
 .comment       0x00000000       0x2a libkernel.a(time_event.o)
 .comment       0x00000000       0x2a libkernel.a(task_manage.o)
 .comment       0x00000000       0x2a libkernel.a(task_sync.o)
 .comment       0x00000000       0x2a libkernel.a(semaphore.o)
 .comment       0x00000000       0x2a libkernel.a(sys_manage.o)
 .comment       0x00000000       0x2a libkernel.a(interrupt.o)
 .comment       0x00000000       0x2a libkernel.a(wait.o)
 .comment       0x00000000       0x2a c:/kpit/gnuv850v14.01-elf/v850-elf/bin/../lib/gcc/v850-elf/4.9-GNUV850_v14.01/../../../../v850-elf/lib/soft-float\libc.a(lib_a-memcpy.o)

.note.renesas   0x00000000       0xb4
 .note.renesas  0x00000000       0xb4 start.o
 .note.renesas  0x00000000       0xb4 sample1.o
 .note.renesas  0x00000000       0xb4 log_output.o
 .note.renesas  0x00000000       0xb4 vasyslog.o
 .note.renesas  0x00000000       0xb4 t_perror.o
 .note.renesas  0x00000000       0xb4 strerror.o
 .note.renesas  0x00000000       0xb4 can_driver.o
 .note.renesas  0x00000000       0xb4 banner.o
 .note.renesas  0x00000000       0xb4 syslog.o
 .note.renesas  0x00000000       0xb4 serial.o
 .note.renesas  0x00000000       0xb4 logtask.o
 .note.renesas  0x00000000       0xb4 kernel_cfg.o
 .note.renesas  0x00000000       0xb4 kernel_cfg_asm.o
 .note.renesas  0x00000000       0xb4 libkernel.a(v850es_fk3.o)
 .note.renesas  0x00000000       0xb4 libkernel.a(prc_support.o)
 .note.renesas  0x00000000       0xb4 libkernel.a(target_config.o)
 .note.renesas  0x00000000       0xb4 libkernel.a(target_timer.o)
 .note.renesas  0x00000000       0xb4 libkernel.a(target_serial.o)
 .note.renesas  0x00000000       0xb4 libkernel.a(prc_config.o)
 .note.renesas  0x00000000       0xb4 libkernel.a(startup.o)
 .note.renesas  0x00000000       0xb4 libkernel.a(task.o)
 .note.renesas  0x00000000       0xb4 libkernel.a(time_event.o)
 .note.renesas  0x00000000       0xb4 libkernel.a(task_manage.o)
 .note.renesas  0x00000000       0xb4 libkernel.a(task_sync.o)
 .note.renesas  0x00000000       0xb4 libkernel.a(semaphore.o)
 .note.renesas  0x00000000       0xb4 libkernel.a(sys_manage.o)
 .note.renesas  0x00000000       0xb4 libkernel.a(interrupt.o)
 .note.renesas  0x00000000       0xb4 libkernel.a(wait.o)
 .note.renesas  0x00000000       0xb4 c:/kpit/gnuv850v14.01-elf/v850-elf/bin/../lib/gcc/v850-elf/4.9-GNUV850_v14.01/../../../../v850-elf/lib/soft-float\libc.a(lib_a-memcpy.o)

.debug
 *(.debug)

.line
 *(.line)

.debug_srcinfo
 *(.debug_srcinfo)

.debug_sfnames
 *(.debug_sfnames)

.debug_aranges  0x00000000      0x370
 *(.debug_aranges)
 .debug_aranges
                0x00000000       0x20 start.o
 .debug_aranges
                0x00000020       0x20 sample1.o
 .debug_aranges
                0x00000040       0x20 log_output.o
 .debug_aranges
                0x00000060       0x20 vasyslog.o
 .debug_aranges
                0x00000080       0x20 t_perror.o
 .debug_aranges
                0x000000a0       0x20 strerror.o
 .debug_aranges
                0x000000c0       0x20 banner.o
 .debug_aranges
                0x000000e0       0x20 syslog.o
 .debug_aranges
                0x00000100       0x20 serial.o
 .debug_aranges
                0x00000120       0x20 logtask.o
 .debug_aranges
                0x00000140       0x20 kernel_cfg.o
 .debug_aranges
                0x00000160       0x28 kernel_cfg_asm.o
 .debug_aranges
                0x00000188       0x20 libkernel.a(v850es_fk3.o)
 .debug_aranges
                0x000001a8       0x20 libkernel.a(prc_support.o)
 .debug_aranges
                0x000001c8       0x20 libkernel.a(target_config.o)
 .debug_aranges
                0x000001e8       0x20 libkernel.a(target_timer.o)
 .debug_aranges
                0x00000208       0x20 libkernel.a(target_serial.o)
 .debug_aranges
                0x00000228       0x20 libkernel.a(prc_config.o)
 .debug_aranges
                0x00000248       0x20 libkernel.a(startup.o)
 .debug_aranges
                0x00000268       0x20 libkernel.a(task.o)
 .debug_aranges
                0x00000288       0x20 libkernel.a(time_event.o)
 .debug_aranges
                0x000002a8       0x20 libkernel.a(task_manage.o)
 .debug_aranges
                0x000002c8       0x20 libkernel.a(task_sync.o)
 .debug_aranges
                0x000002e8       0x28 libkernel.a(semaphore.o)
 .debug_aranges
                0x00000310       0x20 libkernel.a(sys_manage.o)
 .debug_aranges
                0x00000330       0x20 libkernel.a(interrupt.o)
 .debug_aranges
                0x00000350       0x20 libkernel.a(wait.o)

.debug_pubnames
 *(.debug_pubnames)
OUTPUT(asp elf32-v850-rh850)

.debug_line     0x00000000     0x4962
 .debug_line    0x00000000       0x6f start.o
 .debug_line    0x0000006f       0xf7 sample1.o
 .debug_line    0x00000166      0x138 log_output.o
 .debug_line    0x0000029e      0x129 vasyslog.o
 .debug_line    0x000003c7       0xc0 t_perror.o
 .debug_line    0x00000487       0x84 strerror.o
 .debug_line    0x0000050b        0x0 can_driver.o
 .debug_line    0x0000050b       0x9c banner.o
 .debug_line    0x000005a7      0x1ba syslog.o
 .debug_line    0x00000761      0x345 serial.o
 .debug_line    0x00000aa6      0x132 logtask.o
 .debug_line    0x00000bd8      0x1f3 kernel_cfg.o
 .debug_line    0x00000dcb      0x3d2 kernel_cfg_asm.o
 .debug_line    0x0000119d       0x62 libkernel.a(v850es_fk3.o)
 .debug_line    0x000011ff      0x1b2 libkernel.a(prc_support.o)
 .debug_line    0x000013b1      0x152 libkernel.a(target_config.o)
 .debug_line    0x00001503      0x160 libkernel.a(target_timer.o)
 .debug_line    0x00001663      0x1c3 libkernel.a(target_serial.o)
 .debug_line    0x00001826      0x2d1 libkernel.a(prc_config.o)
 .debug_line    0x00001af7      0x16e libkernel.a(startup.o)
 .debug_line    0x00001c65      0x4eb libkernel.a(task.o)
 .debug_line    0x00002150      0x2ac libkernel.a(time_event.o)
 .debug_line    0x000023fc      0x6cd libkernel.a(task_manage.o)
 .debug_line    0x00002ac9      0x89b libkernel.a(task_sync.o)
 .debug_line    0x00003364      0x6a4 libkernel.a(semaphore.o)
 .debug_line    0x00003a08      0x668 libkernel.a(sys_manage.o)
 .debug_line    0x00004070      0x446 libkernel.a(interrupt.o)
 .debug_line    0x000044b6      0x4ac libkernel.a(wait.o)

.debug_info     0x00000000     0xeb7f
 .debug_info    0x00000000       0x7e start.o
 .debug_info    0x0000007e      0x499 sample1.o
 .debug_info    0x00000517      0x4cb log_output.o
 .debug_info    0x000009e2      0x1f2 vasyslog.o
 .debug_info    0x00000bd4      0x2aa t_perror.o
 .debug_info    0x00000e7e       0xd5 strerror.o
 .debug_info    0x00000f53      0x23d banner.o
 .debug_info    0x00001190      0x6b9 syslog.o
 .debug_info    0x00001849      0xd98 serial.o
 .debug_info    0x000025e1      0x5a8 logtask.o
 .debug_info    0x00002b89     0x113e kernel_cfg.o
 .debug_info    0x00003cc7       0x72 kernel_cfg_asm.o
 .debug_info    0x00003d39       0x83 libkernel.a(v850es_fk3.o)
 .debug_info    0x00003dbc       0x84 libkernel.a(prc_support.o)
 .debug_info    0x00003e40      0x4d4 libkernel.a(target_config.o)
 .debug_info    0x00004314      0x52b libkernel.a(target_timer.o)
 .debug_info    0x0000483f      0x6da libkernel.a(target_serial.o)
 .debug_info    0x00004f19      0x909 libkernel.a(prc_config.o)
 .debug_info    0x00005822      0x475 libkernel.a(startup.o)
 .debug_info    0x00005c97     0x11fd libkernel.a(task.o)
 .debug_info    0x00006e94      0x7c6 libkernel.a(time_event.o)
 .debug_info    0x0000765a     0x1313 libkernel.a(task_manage.o)
 .debug_info    0x0000896d     0x16cf libkernel.a(task_sync.o)
 .debug_info    0x0000a03c     0x16d6 libkernel.a(semaphore.o)
 .debug_info    0x0000b712     0x12b4 libkernel.a(sys_manage.o)
 .debug_info    0x0000c9c6      0xe25 libkernel.a(interrupt.o)
 .debug_info    0x0000d7eb     0x1394 libkernel.a(wait.o)

.debug_abbrev   0x00000000     0x398e
 .debug_abbrev  0x00000000       0x14 start.o
 .debug_abbrev  0x00000014      0x1c2 sample1.o
 .debug_abbrev  0x000001d6      0x16f log_output.o
 .debug_abbrev  0x00000345      0x128 vasyslog.o
 .debug_abbrev  0x0000046d      0x167 t_perror.o
 .debug_abbrev  0x000005d4       0x7f strerror.o
 .debug_abbrev  0x00000653      0x154 banner.o
 .debug_abbrev  0x000007a7      0x232 syslog.o
 .debug_abbrev  0x000009d9      0x343 serial.o
 .debug_abbrev  0x00000d1c      0x237 logtask.o
 .debug_abbrev  0x00000f53      0x1f2 kernel_cfg.o
 .debug_abbrev  0x00001145       0x12 kernel_cfg_asm.o
 .debug_abbrev  0x00001157       0x14 libkernel.a(v850es_fk3.o)
 .debug_abbrev  0x0000116b       0x14 libkernel.a(prc_support.o)
 .debug_abbrev  0x0000117f      0x1bb libkernel.a(target_config.o)
 .debug_abbrev  0x0000133a      0x208 libkernel.a(target_timer.o)
 .debug_abbrev  0x00001542      0x26a libkernel.a(target_serial.o)
 .debug_abbrev  0x000017ac      0x291 libkernel.a(prc_config.o)
 .debug_abbrev  0x00001a3d      0x209 libkernel.a(startup.o)
 .debug_abbrev  0x00001c46      0x46f libkernel.a(task.o)
 .debug_abbrev  0x000020b5      0x355 libkernel.a(time_event.o)
 .debug_abbrev  0x0000240a      0x3b7 libkernel.a(task_manage.o)
 .debug_abbrev  0x000027c1      0x3ba libkernel.a(task_sync.o)
 .debug_abbrev  0x00002b7b      0x3e4 libkernel.a(semaphore.o)
 .debug_abbrev  0x00002f5f      0x380 libkernel.a(sys_manage.o)
 .debug_abbrev  0x000032df      0x359 libkernel.a(interrupt.o)
 .debug_abbrev  0x00003638      0x356 libkernel.a(wait.o)

.debug_frame    0x00000000      0xb58
 .debug_frame   0x00000000       0x28 sample1.o
 .debug_frame   0x00000028       0x68 log_output.o
 .debug_frame   0x00000090       0x28 vasyslog.o
 .debug_frame   0x000000b8       0x28 t_perror.o
 .debug_frame   0x000000e0       0x20 strerror.o
 .debug_frame   0x00000100       0x28 banner.o
 .debug_frame   0x00000128       0x78 syslog.o
 .debug_frame   0x000001a0       0xe4 serial.o
 .debug_frame   0x00000284       0x70 logtask.o
 .debug_frame   0x000002f4       0x60 kernel_cfg.o
 .debug_frame   0x00000354       0x48 libkernel.a(target_config.o)
 .debug_frame   0x0000039c       0x40 libkernel.a(target_timer.o)
 .debug_frame   0x000003dc       0xa0 libkernel.a(target_serial.o)
 .debug_frame   0x0000047c       0x88 libkernel.a(prc_config.o)
 .debug_frame   0x00000504       0x58 libkernel.a(startup.o)
 .debug_frame   0x0000055c       0xfc libkernel.a(task.o)
 .debug_frame   0x00000658       0x88 libkernel.a(time_event.o)
 .debug_frame   0x000006e0       0x90 libkernel.a(task_manage.o)
 .debug_frame   0x00000770       0xc8 libkernel.a(task_sync.o)
 .debug_frame   0x00000838       0xd0 libkernel.a(semaphore.o)
 .debug_frame   0x00000908      0x100 libkernel.a(sys_manage.o)
 .debug_frame   0x00000a08       0x70 libkernel.a(interrupt.o)
 .debug_frame   0x00000a78       0xc0 libkernel.a(wait.o)
 .debug_frame   0x00000b38       0x20 c:/kpit/gnuv850v14.01-elf/v850-elf/bin/../lib/gcc/v850-elf/4.9-GNUV850_v14.01/../../../../v850-elf/lib/soft-float\libc.a(lib_a-memcpy.o)

.debug_loc      0x00000000     0x91e6
 .debug_loc     0x00000000      0x115 sample1.o
 .debug_loc     0x00000115      0x529 log_output.o
 .debug_loc     0x0000063e      0x1cf vasyslog.o
 .debug_loc     0x0000080d       0xad t_perror.o
 .debug_loc     0x000008ba       0x2e strerror.o
 .debug_loc     0x000008e8       0x21 banner.o
 .debug_loc     0x00000909      0x171 syslog.o
 .debug_loc     0x00000a7a      0xd44 serial.o
 .debug_loc     0x000017be      0x1d4 logtask.o
 .debug_loc     0x00001992       0xbf libkernel.a(target_config.o)
 .debug_loc     0x00001a51       0x4c libkernel.a(target_timer.o)
 .debug_loc     0x00001a9d      0x56b libkernel.a(target_serial.o)
 .debug_loc     0x00002008      0x599 libkernel.a(prc_config.o)
 .debug_loc     0x000025a1       0x23 libkernel.a(startup.o)
 .debug_loc     0x000025c4      0xc22 libkernel.a(task.o)
 .debug_loc     0x000031e6      0x452 libkernel.a(time_event.o)
 .debug_loc     0x00003638     0x10a3 libkernel.a(task_manage.o)
 .debug_loc     0x000046db     0x15c7 libkernel.a(task_sync.o)
 .debug_loc     0x00005ca2     0x10e4 libkernel.a(semaphore.o)
 .debug_loc     0x00006d86      0xee1 libkernel.a(sys_manage.o)
 .debug_loc     0x00007c67      0x9f1 libkernel.a(interrupt.o)
 .debug_loc     0x00008658      0xb8e libkernel.a(wait.o)

.debug_ranges   0x00000000     0x17e8
 .debug_ranges  0x00000000       0x30 sample1.o
 .debug_ranges  0x00000030       0x18 t_perror.o
 .debug_ranges  0x00000048       0x30 syslog.o
 .debug_ranges  0x00000078       0xa0 serial.o
 .debug_ranges  0x00000118       0x20 kernel_cfg_asm.o
 .debug_ranges  0x00000138       0x18 libkernel.a(target_config.o)
 .debug_ranges  0x00000150       0x58 libkernel.a(target_timer.o)
 .debug_ranges  0x000001a8       0x18 libkernel.a(target_serial.o)
 .debug_ranges  0x000001c0       0x90 libkernel.a(prc_config.o)
 .debug_ranges  0x00000250      0x3b0 libkernel.a(task.o)
 .debug_ranges  0x00000600       0x78 libkernel.a(time_event.o)
 .debug_ranges  0x00000678      0x298 libkernel.a(task_manage.o)
 .debug_ranges  0x00000910      0x3b0 libkernel.a(task_sync.o)
 .debug_ranges  0x00000cc0      0x328 libkernel.a(semaphore.o)
 .debug_ranges  0x00000fe8      0x2c0 libkernel.a(sys_manage.o)
 .debug_ranges  0x000012a8      0x228 libkernel.a(interrupt.o)
 .debug_ranges  0x000014d0      0x318 libkernel.a(wait.o)

.debug_str      0x00000000     0x1de3
 .debug_str     0x00000000      0x1b2 sample1.o
                                0x211 (size before relaxing)
 .debug_str     0x000001b2       0xba log_output.o
                                0x212 (size before relaxing)
 .debug_str     0x0000026c       0x3d vasyslog.o
                                0x1ce (size before relaxing)
 .debug_str     0x000002a9       0x3d t_perror.o
                                0x1e3 (size before relaxing)
 .debug_str     0x000002e6       0x16 strerror.o
                                0x144 (size before relaxing)
 .debug_str     0x000002fc        0xd can_driver.o
                                 0x84 (size before relaxing)
 .debug_str     0x00000309       0x2a banner.o
                                0x1c4 (size before relaxing)
 .debug_str     0x00000333      0x133 syslog.o
                                0x2eb (size before relaxing)
 .debug_str     0x00000466      0x34b serial.o
                                0x4dd (size before relaxing)
 .debug_str     0x000007b1       0x64 logtask.o
                                0x2b6 (size before relaxing)
 .debug_str     0x00000815      0xac5 kernel_cfg.o
                                0xd07 (size before relaxing)
 .debug_str     0x000012da       0xf8 libkernel.a(target_config.o)
                                0x278 (size before relaxing)
 .debug_str     0x000013d2       0x87 libkernel.a(target_timer.o)
                                0x2ba (size before relaxing)
 .debug_str     0x00001459       0xc6 libkernel.a(target_serial.o)
                                0x320 (size before relaxing)
 .debug_str     0x0000151f       0xd1 libkernel.a(prc_config.o)
                                0x389 (size before relaxing)
 .debug_str     0x000015f0       0x80 libkernel.a(startup.o)
                                0x333 (size before relaxing)
 .debug_str     0x00001670      0x332 libkernel.a(task.o)
                                0x7ba (size before relaxing)
 .debug_str     0x000019a2       0xd9 libkernel.a(time_event.o)
                                0x417 (size before relaxing)
 .debug_str     0x00001a7b       0xa9 libkernel.a(task_manage.o)
                                0x5ba (size before relaxing)
 .debug_str     0x00001b24       0xaa libkernel.a(task_sync.o)
                                0x5d0 (size before relaxing)
 .debug_str     0x00001bce       0xf9 libkernel.a(semaphore.o)
                                0x770 (size before relaxing)
 .debug_str     0x00001cc7       0x69 libkernel.a(sys_manage.o)
                                0x522 (size before relaxing)
 .debug_str     0x00001d30       0x4c libkernel.a(interrupt.o)
                                0x5e9 (size before relaxing)
 .debug_str     0x00001d7c       0x67 libkernel.a(wait.o)
                                0x712 (size before relaxing)
