Archive member included because of file (symbol)

libkernel.a(v850es_fk3.o)     start.o (hardware_init_hook)
libkernel.a(prc_support.o)    kernel_cfg_asm.o (interrupt)
libkernel.a(target_config.o)  syslog.o (_target_fput_log)
libkernel.a(target_timer.o)   kernel_cfg.o (_target_timer_initialize)
libkernel.a(target_serial.o)  kernel_cfg.o (_sio_initialize)
libkernel.a(prc_config.o)     libkernel.a(target_config.o) (_prc_initialize)
libkernel.a(startup.o)        start.o (_sta_ker)
libkernel.a(task.o)           libkernel.a(prc_support.o) (__kernel_p_schedtsk)
libkernel.a(time_event.o)     libkernel.a(startup.o) (__kernel_initialize_tmevt)
libkernel.a(task_manage.o)    libkernel.a(prc_support.o) (_ext_tsk)
libkernel.a(task_sync.o)      logtask.o (_dly_tsk)
libkernel.a(semaphore.o)      kernel_cfg.o (__kernel_initialize_semaphore)
libkernel.a(sys_manage.o)     serial.o (_loc_cpu)
libkernel.a(interrupt.o)      kernel_cfg.o (__kernel_initialize_interrupt)
libkernel.a(wait.o)           libkernel.a(task_sync.o) (__kernel_make_wait_tmout)
c:/kpit/gnuv850v14.01-elf/v850-elf/bin/../lib/gcc/v850-elf/4.9-GNUV850_v14.01/../../../../v850-elf/lib/soft-float\libc.a(lib_a-memcpy.o)
                              syslog.o (_memcpy)

Allocating common symbols
Common symbol       size              file

_kernel_p_runtsk    0x4               libkernel.a(task.o)
_kernel_tmevt_heap  0x10              kernel_cfg.o
_kernel_pdqcb_table
                    0x0               kernel_cfg.o
disint_table        0x8               libkernel.a(prc_config.o)
_kernel_dtqcb_table
                    0x0               kernel_cfg.o
_kernel_alminib_table
                    0x0               kernel_cfg.o
_kernel_ipmflg      0x4               libkernel.a(task.o)
_kernel_almcb_table
                    0x0               kernel_cfg.o
_kernel_dtqinib_table
                    0x0               kernel_cfg.o
_kernel_flginib_table
                    0x0               kernel_cfg.o
_kernel_min_time    0x4               libkernel.a(time_event.o)
_kernel_pdqinib_table
                    0x0               kernel_cfg.o
_kernel_cyccb_table
                    0x0               kernel_cfg.o
_kernel_p_schedtsk  0x4               libkernel.a(task.o)
_kernel_current_time
                    0x4               libkernel.a(time_event.o)
_kernel_mpfcb_table
                    0x0               kernel_cfg.o
_kernel_last_index  0x4               libkernel.a(time_event.o)
_kernel_semcb_table
                    0x60              kernel_cfg.o
_kernel_mbxinib_table
                    0x0               kernel_cfg.o
_kernel_mbxcb_table
                    0x0               kernel_cfg.o
_kernel_ready_primap
                    0x2               libkernel.a(task.o)
_kernel_dspflg      0x4               libkernel.a(task.o)
_kernel_ready_queue
                    0x80              libkernel.a(task.o)
_kernel_mpfinib_table
                    0x0               kernel_cfg.o
_kernel_cycinib_table
                    0x0               kernel_cfg.o
_kernel_tcb_table   0x40              kernel_cfg.o
_kernel_flgcb_table
                    0x0               kernel_cfg.o
lock_flag           0x4               libkernel.a(prc_config.o)
_kernel_disdsp      0x4               libkernel.a(task.o)
intnest             0x1               libkernel.a(prc_config.o)
saved_imr           0x8               libkernel.a(prc_config.o)
_kernel_next_time   0x4               libkernel.a(time_event.o)
siopcb_table        0x3c              libkernel.a(target_serial.o)
current_intpri      0x1               libkernel.a(prc_config.o)
_kernel_reqflg      0x4               libkernel.a(task.o)

Memory Configuration

Name             Origin             Length             Attributes
INTROM           0x00000000         0x00080000         axrl
INTRAM           0x03ff7000         0x00008000         axw
*default*        0x00000000         0xffffffff

Linker script and memory map

LOAD c:/kpit/gnuv850v14.01-elf/v850-elf/bin/../lib/gcc/v850-elf/4.9-GNUV850_v14.01/soft-float\libgcc.a
LOAD c:/kpit/gnuv850v14.01-elf/v850-elf/bin/../lib/gcc/v850-elf/4.9-GNUV850_v14.01/../../../../v850-elf/lib/soft-float\libc.a
LOAD start.o
LOAD sample1.o
LOAD log_output.o
LOAD vasyslog.o
LOAD t_perror.o
LOAD strerror.o
LOAD can_driver.o
LOAD banner.o
LOAD syslog.o
LOAD serial.o
LOAD logtask.o
LOAD kernel_cfg.o
LOAD kernel_cfg_asm.o
LOAD libkernel.a
LOAD c:/kpit/gnuv850v14.01-elf/v850-elf/bin/../lib/gcc/v850-elf/4.9-GNUV850_v14.01/soft-float\libgcc.a
START GROUP
LOAD c:/kpit/gnuv850v14.01-elf/v850-elf/bin/../lib/gcc/v850-elf/4.9-GNUV850_v14.01/../../../../v850-elf/lib/soft-float\libc.a
LOAD c:/kpit/gnuv850v14.01-elf/v850-elf/bin/../lib/gcc/v850-elf/4.9-GNUV850_v14.01/soft-float\libgcc.a
END GROUP
LOAD c:/kpit/gnuv850v14.01-elf/v850-elf/bin/../lib/gcc/v850-elf/4.9-GNUV850_v14.01/soft-float\libgcc.a
                0x00000000                PROVIDE (__stack, 0x0)
                0x00000000                PROVIDE (software_init_hook, 0x0)
                0x00000000                PROVIDE (_software_term_hook, 0x0)
                0x00000000                PROVIDE (hardware_init_hook, 0x0)
                0x00000000                PROVIDE (hardware_term_hook, 0x0)

.vector         0x00000000      0x7d0
 *(.vectors)
 .vectors       0x00000000      0x7d0 kernel_cfg_asm.o

.text           0x000007d0     0x5c76
                0x000007d0                __text = .
 *(.text)
 .text          0x000007d0       0xa0 start.o
                0x000007d0                _start
 .text          0x00000870       0x44 sample1.o
                0x00000870                _main_task
 .text          0x000008b4      0x316 log_output.o
                0x00000978                _syslog_printf
                0x00000b6a                _syslog_print
                0x00000ba0                _syslog_lostmsg
 .text          0x00000bca      0x150 vasyslog.o
                0x00000bca                _syslog
 .text          0x00000d1a       0x50 t_perror.o
                0x00000d1a                _t_perror
 .text          0x00000d6a       0x26 strerror.o
                0x00000d6a                _itron_strerror
 .text          0x00000d90      0x1b2 can_driver.o
                0x00000d90                _can_driver_init
                0x00000e88                _can_driver_write
                0x00000eee                _can_driver_read
 .text          0x00000f42       0x36 banner.o
                0x00000f42                _print_banner
 .text          0x00000f78      0x28e syslog.o
                0x00000f78                _syslog_initialize
                0x00000fb6                _syslog_wri_log
                0x000010bc                _syslog_rea_log
                0x00001164                _syslog_msk_log
                0x0000117e                _syslog_ref_log
 .text          0x00001206      0x8ea serial.o
                0x000012d6                _serial_initialize
                0x00001308                _serial_opn_por
                0x000013ce                _serial_cls_por
                0x000014a4                _serial_wri_dat
                0x00001592                _serial_rea_dat
                0x000017ae                _serial_ctl_por
                0x00001800                _serial_ref_por
                0x0000185e                _sio_irdy_snd
                0x00001900                _sio_irdy_rcv
                0x00001a82                _serial_get_chr
 .text          0x00001af0      0x280 logtask.o
                0x00001b12                _logtask_flush
                0x00001bae                _logtask_main
                0x00001c8e                _logtask_terminate
 .text          0x00001d70       0x6e kernel_cfg.o
                0x00001d70                __kernel_inthdr_49
                0x00001d7e                __kernel_inthdr_50
                0x00001d8c                __kernel_initialize_object
                0x00001da4                __kernel_call_inirtn
                0x00001dca                __kernel_call_terrtn
 *fill*         0x00001dde        0x2 
 .text          0x00001de0       0xa0 kernel_cfg_asm.o
                0x00001de0                __kernel_target_timer_handler_40
                0x00001e04                __kernel__kernel_inthdr_49_49
                0x00001e28                __kernel__kernel_inthdr_50_50
 .text          0x00001e80       0x4c libkernel.a(v850es_fk3.o)
                0x00001e80                hardware_init_hook
 .text          0x00001ecc      0x48e libkernel.a(prc_support.o)
                0x00001ecc                _start_dispatch
                0x00001ed8                _dispatch
                0x00001f14                _exit_and_dispatch
                0x00001ff8                _start_r
                0x00002034                interrupt
                0x000021ae                ret_int
                0x0000221a                ret_int_r
                0x00002238                exception
                0x0000234a                _call_exit_kernel
 .text          0x0000235a       0xa6 libkernel.a(target_config.o)
                0x0000235a                __kernel_target_initialize
                0x000023b8                __kernel_target_exit
                0x000023d6                _target_fput_log
 .text          0x00002400       0x74 libkernel.a(target_timer.o)
                0x00002400                _target_timer_initialize
                0x00002430                _target_timer_terminate
                0x00002468                _target_timer_handler
 .text          0x00002474      0x202 libkernel.a(target_serial.o)
                0x00002474                _sio_initialize
                0x000024b2                _sio_opn_por
                0x00002552                _sio_snd_chr
                0x00002572                _sio_rcv_chr
                0x00002590                _sio_ena_cbr
                0x000025bc                _sio_dis_cbr
                0x000025e8                _sio_cls_por
                0x00002632                _sio_tx_isr
                0x00002650                _sio_rx_isr
 .text          0x00002676      0x264 libkernel.a(prc_config.o)
                0x00002676                _prc_initialize
                0x000026ae                _prc_terminate
                0x000026b0                _set_intpri
                0x000026e6                _x_config_int
                0x000028c0                __kernel_initialize_exception
                0x000028c2                _default_exc_handler
                0x000028ce                _default_int_handler
 .text          0x000028da       0xc8 libkernel.a(startup.o)
                0x000028da                _sta_ker
                0x0000292e                _ext_ker
                0x00002966                __kernel_exit_kernel
 .text          0x000029a2      0x7d0 libkernel.a(task.o)
                0x000029a2                __kernel_search_schedtsk
                0x00002a24                __kernel_make_runnable
                0x00002a8c                __kernel_make_non_runnable
                0x00002ba0                __kernel_make_dormant
                0x00002bc2                __kernel_make_active
                0x00002bf0                __kernel_initialize_task
                0x00002ccc                __kernel_change_priority
                0x00002ecc                __kernel_rotate_ready_queue
                0x00002f78                __kernel_call_texrtn
                0x0000313c                __kernel_calltex
 .text          0x00003172      0x460 libkernel.a(time_event.o)
                0x00003172                __kernel_initialize_tmevt
                0x0000319e                __kernel_tmevt_up
                0x00003224                __kernel_tmevt_down
                0x000032c6                __kernel_tmevtb_insert
                0x00003300                __kernel_tmevtb_delete
                0x000033b2                __kernel_tmevt_lefttim
                0x000033ea                __kernel_signal_time
 .text          0x000035d2      0x878 libkernel.a(task_manage.o)
                0x000035d2                _act_tsk
                0x000036e6                _iact_tsk
                0x000037f4                _can_act
                0x000038e2                _ext_tsk
                0x000039ce                _ter_tsk
                0x00003b4a                _chg_pri
                0x00003c82                _get_pri
                0x00003d82                _get_inf
 .text          0x00003e4a      0xada libkernel.a(task_sync.o)
                0x00003e4a                _slp_tsk
                0x00003f4c                _tslp_tsk
                0x0000405e                _wup_tsk
                0x00004180                _iwup_tsk
                0x0000429c                _can_wup
                0x0000439e                _rel_wai
                0x00004492                _irel_wai
                0x0000458c                _sus_tsk
                0x000046e0                _rsm_tsk
                0x000047f0                _dly_tsk
 .text          0x00004924      0x8ce libkernel.a(semaphore.o)
                0x00004924                __kernel_initialize_semaphore
                0x0000496c                _sig_sem
                0x00004ade                _isig_sem
                0x00004c5a                _wai_sem
                0x00004d7a                _pol_sem
                0x00004e66                _twai_sem
                0x00004fb4                _ini_sem
                0x000050a4                _ref_sem
 .text          0x000051f2      0x73c libkernel.a(sys_manage.o)
                0x000051f2                _rot_rdq
                0x000052dc                _irot_rdq
                0x000053ae                _get_tid
                0x0000547a                _iget_tid
                0x0000554c                _loc_cpu
                0x000055b8                _iloc_cpu
                0x00005624                _unl_cpu
                0x00005696                _iunl_cpu
                0x00005708                _dis_dsp
                0x000057cc                _ena_dsp
                0x000058ba                _sns_ctx
                0x000058cc                _sns_loc
                0x000058de                _sns_dsp
                0x000058ea                _sns_dpn
                0x0000591c                _sns_ker
 .text          0x0000592e      0x508 libkernel.a(interrupt.o)
                0x0000592e                __kernel_initialize_interrupt
                0x0000596e                _dis_int
                0x00005aca                _ena_int
                0x00005c28                _chg_ipm
                0x00005d7c                _get_ipm
 .text          0x00005e36      0x5f6 libkernel.a(wait.o)
                0x00005e36                __kernel_wait_tmout
                0x00005f5c                __kernel_make_wait_tmout
                0x00005ff0                __kernel_wait_complete
                0x00006072                __kernel_wait_tmout_ok
                0x00006170                __kernel_wait_release
                0x00006216                __kernel_wobj_make_wait
                0x000062a8                __kernel_wobj_make_wait_tmout
                0x00006336                __kernel_init_wait_queue
 .text          0x0000642c       0x1a c:/kpit/gnuv850v14.01-elf/v850-elf/bin/../lib/gcc/v850-elf/4.9-GNUV850_v14.01/../../../../v850-elf/lib/soft-float\libc.a(lib_a-memcpy.o)
                0x0000642c                _memcpy
                0x00006446                _etext = .

.text.unlikely  0x00006446       0x34
 .text.unlikely
                0x00006446       0x34 libkernel.a(semaphore.o)

.call_table_data
                0x0000647c        0x0
                0x0000647c                PROVIDE (__ctbp, .)
 *(.call_table_data)

.call_table_text
 *(.call_table_text)
                0x0000647c                . = ALIGN (0x4)

.rodata         0x0000647c      0x843
 *(.rodata)
 .rodata        0x0000647c       0x61 log_output.o
 .rodata        0x000064dd       0x2d t_perror.o
 *fill*         0x0000650a        0x2 
 .rodata        0x0000650c      0x19c strerror.o
 .rodata        0x000066a8      0x199 banner.o
 *fill*         0x00006841        0x3 
 .rodata        0x00006844       0x48 serial.o
 .rodata        0x0000688c       0x44 logtask.o
 .rodata        0x000068d0      0x150 kernel_cfg.o
                0x000068d0                _imr_table
                0x00006910                __kernel_istkpt
                0x00006914                __kernel_istk
                0x00006918                __kernel_istksz
                0x0000691c                __kernel_intinib_table
                0x00006940                __kernel_tnum_intno
                0x00006944                __kernel_inhinib_table
                0x00006968                __kernel_tnum_inhno
                0x0000696c                __kernel_tmax_almid
                0x00006970                __kernel_tmax_cycid
                0x00006974                __kernel_tmax_mpfid
                0x00006978                __kernel_tmax_mbxid
                0x0000697c                __kernel_tmax_pdqid
                0x00006980                __kernel_tmax_dtqid
                0x00006984                __kernel_tmax_flgid
                0x00006988                __kernel_seminib_table
                0x000069d0                __kernel_tmax_semid
                0x000069d4                __kernel_torder_table
                0x000069dc                __kernel_tinib_table
                0x00006a1c                __kernel_tmax_tskid
 .rodata        0x00006a20        0x6 libkernel.a(target_serial.o)
                0x00006a20                _siopinib_table
 *fill*         0x00006a26        0x2 
 .rodata        0x00006a28      0x128 libkernel.a(prc_config.o)
                0x00006a90                _int_pol_table
 .rodata        0x00006b50       0x16 libkernel.a(startup.o)
 .rodata        0x00006b66       0x5b libkernel.a(task.o)
 .rodata        0x00006bc1       0x37 libkernel.a(time_event.o)
 .rodata        0x00006bf8       0x49 libkernel.a(semaphore.o)
 .rodata        0x00006c41       0x7e libkernel.a(wait.o)
                0x00006cbf                _textend = .
                0x00006cc0                . = ALIGN (0x4)
                0x00006cc0                __idata_start = .

.data           0x03ff7000        0x0 load address 0x00006cc0
                0x03ff7000                . = ALIGN (0x4)
                0x03ff7000                __data_start = .
 *(.data)
 .data          0x03ff7000        0x0 start.o
 .data          0x03ff7000        0x0 sample1.o
 .data          0x03ff7000        0x0 log_output.o
 .data          0x03ff7000        0x0 vasyslog.o
 .data          0x03ff7000        0x0 t_perror.o
 .data          0x03ff7000        0x0 strerror.o
 .data          0x03ff7000        0x0 can_driver.o
 .data          0x03ff7000        0x0 banner.o
 .data          0x03ff7000        0x0 syslog.o
 .data          0x03ff7000        0x0 serial.o
 .data          0x03ff7000        0x0 logtask.o
 .data          0x03ff7000        0x0 kernel_cfg.o
 .data          0x03ff7000        0x0 kernel_cfg_asm.o
 .data          0x03ff7000        0x0 libkernel.a(v850es_fk3.o)
 .data          0x03ff7000        0x0 libkernel.a(prc_support.o)
 .data          0x03ff7000        0x0 libkernel.a(target_config.o)
 .data          0x03ff7000        0x0 libkernel.a(target_timer.o)
 .data          0x03ff7000        0x0 libkernel.a(target_serial.o)
 .data          0x03ff7000        0x0 libkernel.a(prc_config.o)
 .data          0x03ff7000        0x0 libkernel.a(startup.o)
 .data          0x03ff7000        0x0 libkernel.a(task.o)
 .data          0x03ff7000        0x0 libkernel.a(time_event.o)
 .data          0x03ff7000        0x0 libkernel.a(task_manage.o)
 .data          0x03ff7000        0x0 libkernel.a(task_sync.o)
 .data          0x03ff7000        0x0 libkernel.a(semaphore.o)
 .data          0x03ff7000        0x0 libkernel.a(sys_manage.o)
 .data          0x03ff7000        0x0 libkernel.a(interrupt.o)
 .data          0x03ff7000        0x0 libkernel.a(wait.o)
 .data          0x03ff7000        0x0 c:/kpit/gnuv850v14.01-elf/v850-elf/bin/../lib/gcc/v850-elf/4.9-GNUV850_v14.01/../../../../v850-elf/lib/soft-float\libc.a(lib_a-memcpy.o)
                0x03ff7000                . = ALIGN (0x4)
                0x03ff7000                _edata = .
                0x00006cc0                __idata_end = (__idata_start + SIZEOF (.data))

.bss            0x03ff7000     0x1278 load address 0x00006cc0
                0x03ff7000                . = ALIGN (0x4)
                0x03ff7000                __bss_start = .
 *(.bss)
 .bss           0x03ff7000        0x0 start.o
 .bss           0x03ff7000        0x0 sample1.o
 .bss           0x03ff7000        0x0 log_output.o
 .bss           0x03ff7000        0x0 vasyslog.o
 .bss           0x03ff7000        0x0 t_perror.o
 .bss           0x03ff7000        0x0 strerror.o
 .bss           0x03ff7000        0x0 can_driver.o
 .bss           0x03ff7000        0x0 banner.o
 .bss           0x03ff7000      0x418 syslog.o
 .bss           0x03ff7418      0x6a8 serial.o
 .bss           0x03ff7ac0        0x4 logtask.o
 .bss           0x03ff7ac4      0x600 kernel_cfg.o
 .bss           0x03ff80c4        0x0 kernel_cfg_asm.o
 .bss           0x03ff80c4        0x0 libkernel.a(v850es_fk3.o)
 .bss           0x03ff80c4        0x0 libkernel.a(prc_support.o)
 .bss           0x03ff80c4        0x0 libkernel.a(target_config.o)
 .bss           0x03ff80c4        0x0 libkernel.a(target_timer.o)
 .bss           0x03ff80c4        0x0 libkernel.a(target_serial.o)
 .bss           0x03ff80c4        0x0 libkernel.a(prc_config.o)
 .bss           0x03ff80c4        0x4 libkernel.a(startup.o)
                0x03ff80c4                __kernel_kerflg
 .bss           0x03ff80c8        0x0 libkernel.a(task.o)
 .bss           0x03ff80c8        0x0 libkernel.a(time_event.o)
 .bss           0x03ff80c8        0x0 libkernel.a(task_manage.o)
 .bss           0x03ff80c8        0x0 libkernel.a(task_sync.o)
 .bss           0x03ff80c8        0x0 libkernel.a(semaphore.o)
 .bss           0x03ff80c8        0x0 libkernel.a(sys_manage.o)
 .bss           0x03ff80c8        0x0 libkernel.a(interrupt.o)
 .bss           0x03ff80c8        0x0 libkernel.a(wait.o)
 .bss           0x03ff80c8        0x0 c:/kpit/gnuv850v14.01-elf/v850-elf/bin/../lib/gcc/v850-elf/4.9-GNUV850_v14.01/../../../../v850-elf/lib/soft-float\libc.a(lib_a-memcpy.o)
 *(COMMON)
 COMMON         0x03ff80c8       0xb0 kernel_cfg.o
                0x03ff80c8                __kernel_tmevt_heap
                0x03ff80d8                __kernel_pdqcb_table
                0x03ff80d8                __kernel_dtqcb_table
                0x03ff80d8                __kernel_alminib_table
                0x03ff80d8                __kernel_almcb_table
                0x03ff80d8                __kernel_dtqinib_table
                0x03ff80d8                __kernel_flginib_table
                0x03ff80d8                __kernel_pdqinib_table
                0x03ff80d8                __kernel_cyccb_table
                0x03ff80d8                __kernel_mpfcb_table
                0x03ff80d8                __kernel_semcb_table
                0x03ff8138                __kernel_mbxcb_table
                0x03ff8138                __kernel_mpfinib_table
                0x03ff8138                __kernel_cycinib_table
                0x03ff8138                __kernel_tcb_table
                0x03ff8138                __kernel_mbxinib_table
                0x03ff8178                __kernel_flgcb_table
 COMMON         0x03ff8178       0x3c libkernel.a(target_serial.o)
                0x03ff8178                _siopcb_table
 COMMON         0x03ff81b4       0x17 libkernel.a(prc_config.o)
                0x03ff81b4                _disint_table
                0x03ff81bc                _lock_flag
                0x03ff81c0                _intnest
                0x03ff81c2                _saved_imr
                0x03ff81ca                _current_intpri
 *fill*         0x03ff81cb        0x1 
 COMMON         0x03ff81cc       0x9c libkernel.a(task.o)
                0x03ff81cc                __kernel_p_runtsk
                0x03ff81d0                __kernel_ipmflg
                0x03ff81d4                __kernel_p_schedtsk
                0x03ff81d8                __kernel_ready_primap
                0x03ff81dc                __kernel_dspflg
                0x03ff81e0                __kernel_ready_queue
                0x03ff8260                __kernel_disdsp
                0x03ff8264                __kernel_reqflg
 COMMON         0x03ff8268       0x10 libkernel.a(time_event.o)
                0x03ff8268                __kernel_min_time
                0x03ff826c                __kernel_current_time
                0x03ff8270                __kernel_last_index
                0x03ff8274                __kernel_next_time
                0x03ff8278                . = ALIGN (0x4)
                0x03ff8278                __bss_end = .

.sdata          0x03ff8278        0x0
                0x04000278                PROVIDE (__gp, (. + 0x8000))
 *(.sdata)

.tdata          0x03ff8278        0x0
                0x03ff8278                PROVIDE (__ep, .)
 *(.tbyte)
 *(.tcommon_byte)
 *(.tdata)
 *(.tbss)
 *(.tcommon)

.comment        0x00000000       0x29
 *(.comment)
 .comment       0x00000000       0x29 sample1.o
                                 0x2a (size before relaxing)
 .comment       0x00000000       0x2a log_output.o
 .comment       0x00000000       0x2a vasyslog.o
 .comment       0x00000000       0x2a t_perror.o
 .comment       0x00000000       0x2a strerror.o
 .comment       0x00000000       0x2a can_driver.o
 .comment       0x00000000       0x2a banner.o
 .comment       0x00000000       0x2a syslog.o
 .comment       0x00000000       0x2a serial.o
 .comment       0x00000000       0x2a logtask.o
 .comment       0x00000000       0x2a kernel_cfg.o
 .comment       0x00000000       0x2a libkernel.a(target_config.o)
 .comment       0x00000000       0x2a libkernel.a(target_timer.o)
 .comment       0x00000000       0x2a libkernel.a(target_serial.o)
 .comment       0x00000000       0x2a libkernel.a(prc_config.o)
 .comment       0x00000000       0x2a libkernel.a(startup.o)
 .comment       0x00000000       0x2a libkernel.a(task.o)
 .comment       0x00000000       0x2a libkernel.a(time_event.o)
 .comment       0x00000000       0x2a libkernel.a(task_manage.o)
 .comment       0x00000000       0x2a libkernel.a(task_sync.o)
 .comment       0x00000000       0x2a libkernel.a(semaphore.o)
 .comment       0x00000000       0x2a libkernel.a(sys_manage.o)
 .comment       0x00000000       0x2a libkernel.a(interrupt.o)
 .comment       0x00000000       0x2a libkernel.a(wait.o)
 .comment       0x00000000       0x2a c:/kpit/gnuv850v14.01-elf/v850-elf/bin/../lib/gcc/v850-elf/4.9-GNUV850_v14.01/../../../../v850-elf/lib/soft-float\libc.a(lib_a-memcpy.o)

.note.renesas   0x00000000       0xb4
 .note.renesas  0x00000000       0xb4 start.o
 .note.renesas  0x00000000       0xb4 sample1.o
 .note.renesas  0x00000000       0xb4 log_output.o
 .note.renesas  0x00000000       0xb4 vasyslog.o
 .note.renesas  0x00000000       0xb4 t_perror.o
 .note.renesas  0x00000000       0xb4 strerror.o
 .note.renesas  0x00000000       0xb4 can_driver.o
 .note.renesas  0x00000000       0xb4 banner.o
 .note.renesas  0x00000000       0xb4 syslog.o
 .note.renesas  0x00000000       0xb4 serial.o
 .note.renesas  0x00000000       0xb4 logtask.o
 .note.renesas  0x00000000       0xb4 kernel_cfg.o
 .note.renesas  0x00000000       0xb4 kernel_cfg_asm.o
 .note.renesas  0x00000000       0xb4 libkernel.a(v850es_fk3.o)
 .note.renesas  0x00000000       0xb4 libkernel.a(prc_support.o)
 .note.renesas  0x00000000       0xb4 libkernel.a(target_config.o)
 .note.renesas  0x00000000       0xb4 libkernel.a(target_timer.o)
 .note.renesas  0x00000000       0xb4 libkernel.a(target_serial.o)
 .note.renesas  0x00000000       0xb4 libkernel.a(prc_config.o)
 .note.renesas  0x00000000       0xb4 libkernel.a(startup.o)
 .note.renesas  0x00000000       0xb4 libkernel.a(task.o)
 .note.renesas  0x00000000       0xb4 libkernel.a(time_event.o)
 .note.renesas  0x00000000       0xb4 libkernel.a(task_manage.o)
 .note.renesas  0x00000000       0xb4 libkernel.a(task_sync.o)
 .note.renesas  0x00000000       0xb4 libkernel.a(semaphore.o)
 .note.renesas  0x00000000       0xb4 libkernel.a(sys_manage.o)
 .note.renesas  0x00000000       0xb4 libkernel.a(interrupt.o)
 .note.renesas  0x00000000       0xb4 libkernel.a(wait.o)
 .note.renesas  0x00000000       0xb4 c:/kpit/gnuv850v14.01-elf/v850-elf/bin/../lib/gcc/v850-elf/4.9-GNUV850_v14.01/../../../../v850-elf/lib/soft-float\libc.a(lib_a-memcpy.o)

.debug
 *(.debug)

.line
 *(.line)

.debug_srcinfo
 *(.debug_srcinfo)

.debug_sfnames
 *(.debug_sfnames)

.debug_aranges  0x00000000      0x390
 *(.debug_aranges)
 .debug_aranges
                0x00000000       0x20 start.o
 .debug_aranges
                0x00000020       0x20 sample1.o
 .debug_aranges
                0x00000040       0x20 log_output.o
 .debug_aranges
                0x00000060       0x20 vasyslog.o
 .debug_aranges
                0x00000080       0x20 t_perror.o
 .debug_aranges
                0x000000a0       0x20 strerror.o
 .debug_aranges
                0x000000c0       0x20 can_driver.o
 .debug_aranges
                0x000000e0       0x20 banner.o
 .debug_aranges
                0x00000100       0x20 syslog.o
 .debug_aranges
                0x00000120       0x20 serial.o
 .debug_aranges
                0x00000140       0x20 logtask.o
 .debug_aranges
                0x00000160       0x20 kernel_cfg.o
 .debug_aranges
                0x00000180       0x28 kernel_cfg_asm.o
 .debug_aranges
                0x000001a8       0x20 libkernel.a(v850es_fk3.o)
 .debug_aranges
                0x000001c8       0x20 libkernel.a(prc_support.o)
 .debug_aranges
                0x000001e8       0x20 libkernel.a(target_config.o)
 .debug_aranges
                0x00000208       0x20 libkernel.a(target_timer.o)
 .debug_aranges
                0x00000228       0x20 libkernel.a(target_serial.o)
 .debug_aranges
                0x00000248       0x20 libkernel.a(prc_config.o)
 .debug_aranges
                0x00000268       0x20 libkernel.a(startup.o)
 .debug_aranges
                0x00000288       0x20 libkernel.a(task.o)
 .debug_aranges
                0x000002a8       0x20 libkernel.a(time_event.o)
 .debug_aranges
                0x000002c8       0x20 libkernel.a(task_manage.o)
 .debug_aranges
                0x000002e8       0x20 libkernel.a(task_sync.o)
 .debug_aranges
                0x00000308       0x28 libkernel.a(semaphore.o)
 .debug_aranges
                0x00000330       0x20 libkernel.a(sys_manage.o)
 .debug_aranges
                0x00000350       0x20 libkernel.a(interrupt.o)
 .debug_aranges
                0x00000370       0x20 libkernel.a(wait.o)

.debug_pubnames
 *(.debug_pubnames)
OUTPUT(asp elf32-v850-rh850)

.debug_line     0x00000000     0x49d7
 .debug_line    0x00000000       0x6f start.o
 .debug_line    0x0000006f       0x8d sample1.o
 .debug_line    0x000000fc      0x138 log_output.o
 .debug_line    0x00000234      0x129 vasyslog.o
 .debug_line    0x0000035d       0xc0 t_perror.o
 .debug_line    0x0000041d       0x84 strerror.o
 .debug_line    0x000004a1       0xdf can_driver.o
 .debug_line    0x00000580       0x9c banner.o
 .debug_line    0x0000061c      0x1ba syslog.o
 .debug_line    0x000007d6      0x345 serial.o
 .debug_line    0x00000b1b      0x132 logtask.o
 .debug_line    0x00000c4d      0x1f3 kernel_cfg.o
 .debug_line    0x00000e40      0x3d2 kernel_cfg_asm.o
 .debug_line    0x00001212       0x62 libkernel.a(v850es_fk3.o)
 .debug_line    0x00001274      0x1b2 libkernel.a(prc_support.o)
 .debug_line    0x00001426      0x152 libkernel.a(target_config.o)
 .debug_line    0x00001578      0x160 libkernel.a(target_timer.o)
 .debug_line    0x000016d8      0x1c3 libkernel.a(target_serial.o)
 .debug_line    0x0000189b      0x2d1 libkernel.a(prc_config.o)
 .debug_line    0x00001b6c      0x16e libkernel.a(startup.o)
 .debug_line    0x00001cda      0x4eb libkernel.a(task.o)
 .debug_line    0x000021c5      0x2ac libkernel.a(time_event.o)
 .debug_line    0x00002471      0x6cd libkernel.a(task_manage.o)
 .debug_line    0x00002b3e      0x89b libkernel.a(task_sync.o)
 .debug_line    0x000033d9      0x6a4 libkernel.a(semaphore.o)
 .debug_line    0x00003a7d      0x668 libkernel.a(sys_manage.o)
 .debug_line    0x000040e5      0x446 libkernel.a(interrupt.o)
 .debug_line    0x0000452b      0x4ac libkernel.a(wait.o)

.debug_info     0x00000000     0xf9bf
 .debug_info    0x00000000       0x7e start.o
 .debug_info    0x0000007e      0x186 sample1.o
 .debug_info    0x00000204      0x4e4 log_output.o
 .debug_info    0x000006e8      0x200 vasyslog.o
 .debug_info    0x000008e8      0x2bc t_perror.o
 .debug_info    0x00000ba4       0xd9 strerror.o
 .debug_info    0x00000c7d      0x8ee can_driver.o
 .debug_info    0x0000156b      0x24c banner.o
 .debug_info    0x000017b7      0x6ec syslog.o
 .debug_info    0x00001ea3      0xe1f serial.o
 .debug_info    0x00002cc2      0x5dd logtask.o
 .debug_info    0x0000329f     0x127e kernel_cfg.o
 .debug_info    0x0000451d       0x72 kernel_cfg_asm.o
 .debug_info    0x0000458f       0x83 libkernel.a(v850es_fk3.o)
 .debug_info    0x00004612       0x84 libkernel.a(prc_support.o)
 .debug_info    0x00004696      0x4f7 libkernel.a(target_config.o)
 .debug_info    0x00004b8d      0x54f libkernel.a(target_timer.o)
 .debug_info    0x000050dc      0x726 libkernel.a(target_serial.o)
 .debug_info    0x00005802      0x949 libkernel.a(prc_config.o)
 .debug_info    0x0000614b      0x4b7 libkernel.a(startup.o)
 .debug_info    0x00006602     0x12af libkernel.a(task.o)
 .debug_info    0x000078b1      0x814 libkernel.a(time_event.o)
 .debug_info    0x000080c5     0x13ac libkernel.a(task_manage.o)
 .debug_info    0x00009471     0x1771 libkernel.a(task_sync.o)
 .debug_info    0x0000abe2     0x179a libkernel.a(semaphore.o)
 .debug_info    0x0000c37c     0x1357 libkernel.a(sys_manage.o)
 .debug_info    0x0000d6d3      0xeb3 libkernel.a(interrupt.o)
 .debug_info    0x0000e586     0x1439 libkernel.a(wait.o)

.debug_abbrev   0x00000000     0x3b72
 .debug_abbrev  0x00000000       0x14 start.o
 .debug_abbrev  0x00000014       0xf3 sample1.o
 .debug_abbrev  0x00000107      0x189 log_output.o
 .debug_abbrev  0x00000290      0x128 vasyslog.o
 .debug_abbrev  0x000003b8      0x167 t_perror.o
 .debug_abbrev  0x0000051f       0x7f strerror.o
 .debug_abbrev  0x0000059e      0x18f can_driver.o
 .debug_abbrev  0x0000072d      0x154 banner.o
 .debug_abbrev  0x00000881      0x24e syslog.o
 .debug_abbrev  0x00000acf      0x35f serial.o
 .debug_abbrev  0x00000e2e      0x237 logtask.o
 .debug_abbrev  0x00001065      0x1f2 kernel_cfg.o
 .debug_abbrev  0x00001257       0x12 kernel_cfg_asm.o
 .debug_abbrev  0x00001269       0x14 libkernel.a(v850es_fk3.o)
 .debug_abbrev  0x0000127d       0x14 libkernel.a(prc_support.o)
 .debug_abbrev  0x00001291      0x1d5 libkernel.a(target_config.o)
 .debug_abbrev  0x00001466      0x208 libkernel.a(target_timer.o)
 .debug_abbrev  0x0000166e      0x26a libkernel.a(target_serial.o)
 .debug_abbrev  0x000018d8      0x2ab libkernel.a(prc_config.o)
 .debug_abbrev  0x00001b83      0x209 libkernel.a(startup.o)
 .debug_abbrev  0x00001d8c      0x49d libkernel.a(task.o)
 .debug_abbrev  0x00002229      0x355 libkernel.a(time_event.o)
 .debug_abbrev  0x0000257e      0x3b7 libkernel.a(task_manage.o)
 .debug_abbrev  0x00002935      0x3d6 libkernel.a(task_sync.o)
 .debug_abbrev  0x00002d0b      0x402 libkernel.a(semaphore.o)
 .debug_abbrev  0x0000310d      0x380 libkernel.a(sys_manage.o)
 .debug_abbrev  0x0000348d      0x375 libkernel.a(interrupt.o)
 .debug_abbrev  0x00003802      0x370 libkernel.a(wait.o)

.debug_frame    0x00000000      0xae0
 .debug_frame   0x00000000       0x24 sample1.o
 .debug_frame   0x00000024       0x5c log_output.o
 .debug_frame   0x00000080       0x24 vasyslog.o
 .debug_frame   0x000000a4       0x24 t_perror.o
 .debug_frame   0x000000c8       0x20 strerror.o
 .debug_frame   0x000000e8       0x40 can_driver.o
 .debug_frame   0x00000128       0x24 banner.o
 .debug_frame   0x0000014c       0x6c syslog.o
 .debug_frame   0x000001b8       0xdc serial.o
 .debug_frame   0x00000294       0x60 logtask.o
 .debug_frame   0x000002f4       0x60 kernel_cfg.o
 .debug_frame   0x00000354       0x44 libkernel.a(target_config.o)
 .debug_frame   0x00000398       0x40 libkernel.a(target_timer.o)
 .debug_frame   0x000003d8       0xa0 libkernel.a(target_serial.o)
 .debug_frame   0x00000478       0x84 libkernel.a(prc_config.o)
 .debug_frame   0x000004fc       0x4c libkernel.a(startup.o)
 .debug_frame   0x00000548       0xe0 libkernel.a(task.o)
 .debug_frame   0x00000628       0x84 libkernel.a(time_event.o)
 .debug_frame   0x000006ac       0x90 libkernel.a(task_manage.o)
 .debug_frame   0x0000073c       0xbc libkernel.a(task_sync.o)
 .debug_frame   0x000007f8       0xb8 libkernel.a(semaphore.o)
 .debug_frame   0x000008b0      0x100 libkernel.a(sys_manage.o)
 .debug_frame   0x000009b0       0x68 libkernel.a(interrupt.o)
 .debug_frame   0x00000a18       0xa8 libkernel.a(wait.o)
 .debug_frame   0x00000ac0       0x20 c:/kpit/gnuv850v14.01-elf/v850-elf/bin/../lib/gcc/v850-elf/4.9-GNUV850_v14.01/../../../../v850-elf/lib/soft-float\libc.a(lib_a-memcpy.o)

.debug_loc      0x00000000     0x99c9
 .debug_loc     0x00000000       0x41 sample1.o
 .debug_loc     0x00000041      0x589 log_output.o
 .debug_loc     0x000005ca      0x1ef vasyslog.o
 .debug_loc     0x000007b9       0xcd t_perror.o
 .debug_loc     0x00000886       0x2e strerror.o
 .debug_loc     0x000008b4      0x377 can_driver.o
 .debug_loc     0x00000c2b       0x41 banner.o
 .debug_loc     0x00000c6c      0x1d1 syslog.o
 .debug_loc     0x00000e3d      0xd64 serial.o
 .debug_loc     0x00001ba1      0x254 logtask.o
 .debug_loc     0x00001df5       0xdf libkernel.a(target_config.o)
 .debug_loc     0x00001ed4       0x4c libkernel.a(target_timer.o)
 .debug_loc     0x00001f20      0x56b libkernel.a(target_serial.o)
 .debug_loc     0x0000248b      0x5b9 libkernel.a(prc_config.o)
 .debug_loc     0x00002a44       0x83 libkernel.a(startup.o)
 .debug_loc     0x00002ac7      0xcc2 libkernel.a(task.o)
 .debug_loc     0x00003789      0x472 libkernel.a(time_event.o)
 .debug_loc     0x00003bfb     0x10a3 libkernel.a(task_manage.o)
 .debug_loc     0x00004c9e     0x1627 libkernel.a(task_sync.o)
 .debug_loc     0x000062c5     0x11a4 libkernel.a(semaphore.o)
 .debug_loc     0x00007469      0xee1 libkernel.a(sys_manage.o)
 .debug_loc     0x0000834a      0xa31 libkernel.a(interrupt.o)
 .debug_loc     0x00008d7b      0xc4e libkernel.a(wait.o)

.debug_str      0x00000000     0x1f58
 .debug_str     0x00000000      0x17a sample1.o
                                0x1d4 (size before relaxing)
 .debug_str     0x0000017a       0xee log_output.o
                                0x21c (size before relaxing)
 .debug_str     0x00000268       0x58 vasyslog.o
                                0x1d8 (size before relaxing)
 .debug_str     0x000002c0       0x65 t_perror.o
                                0x1ed (size before relaxing)
 .debug_str     0x00000325       0x16 strerror.o
                                0x14e (size before relaxing)
 .debug_str     0x0000033b      0x111 can_driver.o
                                0x237 (size before relaxing)
 .debug_str     0x0000044c       0x2a banner.o
                                0x1ce (size before relaxing)
 .debug_str     0x00000476      0x142 syslog.o
                                0x2f5 (size before relaxing)
 .debug_str     0x000005b8      0x369 serial.o
                                0x4e7 (size before relaxing)
 .debug_str     0x00000921       0x6e logtask.o
                                0x2c0 (size before relaxing)
 .debug_str     0x0000098f      0xac0 kernel_cfg.o
                                0xd11 (size before relaxing)
 .debug_str     0x0000144f       0xf8 libkernel.a(target_config.o)
                                0x282 (size before relaxing)
 .debug_str     0x00001547       0x87 libkernel.a(target_timer.o)
                                0x2c4 (size before relaxing)
 .debug_str     0x000015ce       0xc6 libkernel.a(target_serial.o)
                                0x32a (size before relaxing)
 .debug_str     0x00001694       0xd1 libkernel.a(prc_config.o)
                                0x393 (size before relaxing)
 .debug_str     0x00001765       0x80 libkernel.a(startup.o)
                                0x33d (size before relaxing)
 .debug_str     0x000017e5      0x332 libkernel.a(task.o)
                                0x7c4 (size before relaxing)
 .debug_str     0x00001b17       0xd9 libkernel.a(time_event.o)
                                0x421 (size before relaxing)
 .debug_str     0x00001bf0       0xa9 libkernel.a(task_manage.o)
                                0x5c4 (size before relaxing)
 .debug_str     0x00001c99       0xaa libkernel.a(task_sync.o)
                                0x5da (size before relaxing)
 .debug_str     0x00001d43       0xf9 libkernel.a(semaphore.o)
                                0x77a (size before relaxing)
 .debug_str     0x00001e3c       0x69 libkernel.a(sys_manage.o)
                                0x52c (size before relaxing)
 .debug_str     0x00001ea5       0x4c libkernel.a(interrupt.o)
                                0x5f3 (size before relaxing)
 .debug_str     0x00001ef1       0x67 libkernel.a(wait.o)
                                0x71c (size before relaxing)

.debug_ranges   0x00000000     0x17b8
 .debug_ranges  0x00000000       0x18 t_perror.o
 .debug_ranges  0x00000018       0x30 syslog.o
 .debug_ranges  0x00000048       0xa0 serial.o
 .debug_ranges  0x000000e8       0x20 kernel_cfg_asm.o
 .debug_ranges  0x00000108       0x18 libkernel.a(target_config.o)
 .debug_ranges  0x00000120       0x58 libkernel.a(target_timer.o)
 .debug_ranges  0x00000178       0x18 libkernel.a(target_serial.o)
 .debug_ranges  0x00000190       0x90 libkernel.a(prc_config.o)
 .debug_ranges  0x00000220      0x3b0 libkernel.a(task.o)
 .debug_ranges  0x000005d0       0x78 libkernel.a(time_event.o)
 .debug_ranges  0x00000648      0x298 libkernel.a(task_manage.o)
 .debug_ranges  0x000008e0      0x3b0 libkernel.a(task_sync.o)
 .debug_ranges  0x00000c90      0x328 libkernel.a(semaphore.o)
 .debug_ranges  0x00000fb8      0x2c0 libkernel.a(sys_manage.o)
 .debug_ranges  0x00001278      0x228 libkernel.a(interrupt.o)
 .debug_ranges  0x000014a0      0x318 libkernel.a(wait.o)
